Resuming existing script-owned environment: habitat
Requirement already satisfied: pip==26.0.1 in /home/furp/micromamba/envs/habitat/lib/python3.9/site-packages (26.0.1)
Requirement already satisfied: setuptools==82.0.1 in /home/furp/micromamba/envs/habitat/lib/python3.9/site-packages (82.0.1)
Requirement already satisfied: wheel==0.47.0 in /home/furp/micromamba/envs/habitat/lib/python3.9/site-packages (0.47.0)
Requirement already satisfied: pillow==10.4.0 in /home/furp/micromamba/envs/habitat/lib/python3.9/site-packages (10.4.0)
Requirement already satisfied: packaging==26.2 in /home/furp/micromamba/envs/habitat/lib/python3.9/site-packages (26.2)
Looking in indexes: https://download.pytorch.org/whl/cu128
Requirement already satisfied: torch==2.8.0 in /home/furp/micromamba/envs/habitat/lib/python3.9/site-packages (2.8.0+cu128)
Requirement already satisfied: torchvision==0.23.0 in /home/furp/micromamba/envs/habitat/lib/python3.9/site-packages (0.23.0+cu128)
Requirement already satisfied: torchaudio==2.8.0 in /home/furp/micromamba/envs/habitat/lib/python3.9/site-packages (2.8.0+cu128)
Requirement already satisfied: filelock in /home/furp/micromamba/envs/habitat/lib/python3.9/site-packages (from torch==2.8.0) (3.19.1)
Requirement already satisfied: typing-extensions>=4.10.0 in /home/furp/micromamba/envs/habitat/lib/python3.9/site-packages (from torch==2.8.0) (4.14.1)
Requirement already satisfied: sympy>=1.13.3 in /home/furp/micromamba/envs/habitat/lib/python3.9/site-packages (from torch==2.8.0) (1.14.0)
Requirement already satisfied: networkx in /home/furp/micromamba/envs/habitat/lib/python3.9/site-packages (from torch==2.8.0) (3.2.1)
Requirement already satisfied: jinja2 in /home/furp/micromamba/envs/habitat/lib/python3.9/site-packages (from torch==2.8.0) (3.1.6)
Requirement already satisfied: fsspec in /home/furp/micromamba/envs/habitat/lib/python3.9/site-packages (from torch==2.8.0) (2025.10.0)
Requirement already satisfied: nvidia-cuda-nvrtc-cu12==12.8.93 in /home/furp/micromamba/envs/habitat/lib/python3.9/site-packages (from torch==2.8.0) (12.8.93)
Requirement already satisfied: nvidia-cuda-runtime-cu12==12.8.90 in /home/furp/micromamba/envs/habitat/lib/python3.9/site-packages (from torch==2.8.0) (12.8.90)
Requirement already satisfied: nvidia-cuda-cupti-cu12==12.8.90 in /home/furp/micromamba/envs/habitat/lib/python3.9/site-packages (from torch==2.8.0) (12.8.90)
Requirement already satisfied: nvidia-cudnn-cu12==9.10.2.21 in /home/furp/micromamba/envs/habitat/lib/python3.9/site-packages (from torch==2.8.0) (9.10.2.21)
Requirement already satisfied: nvidia-cublas-cu12==12.8.4.1 in /home/furp/micromamba/envs/habitat/lib/python3.9/site-packages (from torch==2.8.0) (12.8.4.1)
Requirement already satisfied: nvidia-cufft-cu12==11.3.3.83 in /home/furp/micromamba/envs/habitat/lib/python3.9/site-packages (from torch==2.8.0) (11.3.3.83)
Requirement already satisfied: nvidia-curand-cu12==10.3.9.90 in /home/furp/micromamba/envs/habitat/lib/python3.9/site-packages (from torch==2.8.0) (10.3.9.90)
Requirement already satisfied: nvidia-cusolver-cu12==11.7.3.90 in /home/furp/micromamba/envs/habitat/lib/python3.9/site-packages (from torch==2.8.0) (11.7.3.90)
Requirement already satisfied: nvidia-cusparse-cu12==12.5.8.93 in /home/furp/micromamba/envs/habitat/lib/python3.9/site-packages (from torch==2.8.0) (12.5.8.93)
Requirement already satisfied: nvidia-cusparselt-cu12==0.7.1 in /home/furp/micromamba/envs/habitat/lib/python3.9/site-packages (from torch==2.8.0) (0.7.1)
Requirement already satisfied: nvidia-nccl-cu12==2.27.3 in /home/furp/micromamba/envs/habitat/lib/python3.9/site-packages (from torch==2.8.0) (2.27.3)
Requirement already satisfied: nvidia-nvtx-cu12==12.8.90 in /home/furp/micromamba/envs/habitat/lib/python3.9/site-packages (from torch==2.8.0) (12.8.90)
Requirement already satisfied: nvidia-nvjitlink-cu12==12.8.93 in /home/furp/micromamba/envs/habitat/lib/python3.9/site-packages (from torch==2.8.0) (12.8.93)
Requirement already satisfied: nvidia-cufile-cu12==1.13.1.3 in /home/furp/micromamba/envs/habitat/lib/python3.9/site-packages (from torch==2.8.0) (1.13.1.3)
Requirement already satisfied: triton==3.4.0 in /home/furp/micromamba/envs/habitat/lib/python3.9/site-packages (from torch==2.8.0) (3.4.0)
Requirement already satisfied: numpy in /home/furp/micromamba/envs/habitat/lib/python3.9/site-packages (from torchvision==0.23.0) (1.26.4)
Requirement already satisfied: pillow!=8.3.*,>=5.3.0 in /home/furp/micromamba/envs/habitat/lib/python3.9/site-packages (from torchvision==0.23.0) (10.4.0)
Requirement already satisfied: setuptools>=40.8.0 in /home/furp/micromamba/envs/habitat/lib/python3.9/site-packages (from triton==3.4.0->torch==2.8.0) (82.0.1)
Requirement already satisfied: importlib-metadata in /home/furp/micromamba/envs/habitat/lib/python3.9/site-packages (from triton==3.4.0->torch==2.8.0) (7.1.0)
Requirement already satisfied: mpmath<1.4,>=1.1.0 in /home/furp/micromamba/envs/habitat/lib/python3.9/site-packages (from sympy>=1.13.3->torch==2.8.0) (1.3.0)
Requirement already satisfied: zipp>=0.5 in /home/furp/micromamba/envs/habitat/lib/python3.9/site-packages (from importlib-metadata->triton==3.4.0->torch==2.8.0) (3.19.2)
Requirement already satisfied: MarkupSafe>=2.0 in /home/furp/micromamba/envs/habitat/lib/python3.9/site-packages (from jinja2->torch==2.8.0) (3.0.2)
Requirement already satisfied: numpy==1.26.4 in /home/furp/micromamba/envs/habitat/lib/python3.9/site-packages (1.26.4)
Requirement already satisfied: gym==0.23.0 in /home/furp/micromamba/envs/habitat/lib/python3.9/site-packages (0.23.0)
Requirement already satisfied: hydra-core==1.3.3 in /home/furp/micromamba/envs/habitat/lib/python3.9/site-packages (1.3.3)
Requirement already satisfied: omegaconf==2.3.1 in /home/furp/micromamba/envs/habitat/lib/python3.9/site-packages (2.3.1)
Requirement already satisfied: cloudpickle>=1.2.0 in /home/furp/micromamba/envs/habitat/lib/python3.9/site-packages (from gym==0.23.0) (3.1.2)
Requirement already satisfied: importlib_metadata>=4.10.0 in /home/furp/micromamba/envs/habitat/lib/python3.9/site-packages (from gym==0.23.0) (7.1.0)
Requirement already satisfied: gym_notices>=0.0.4 in /home/furp/micromamba/envs/habitat/lib/python3.9/site-packages (from gym==0.23.0) (0.1.0)
Requirement already satisfied: antlr4-python3-runtime==4.9.* in /home/furp/micromamba/envs/habitat/lib/python3.9/site-packages (from hydra-core==1.3.3) (4.9.3)
Requirement already satisfied: packaging in /home/furp/micromamba/envs/habitat/lib/python3.9/site-packages (from hydra-core==1.3.3) (26.2)
Requirement already satisfied: PyYAML>=5.1.0 in /home/furp/micromamba/envs/habitat/lib/python3.9/site-packages (from omegaconf==2.3.1) (6.0.3)
Requirement already satisfied: zipp>=0.5 in /home/furp/micromamba/envs/habitat/lib/python3.9/site-packages (from importlib_metadata>=4.10.0->gym==0.23.0) (3.19.2)
HEAD is now at cdbb48805 CI: pin numpy<2.4 to fix numba import error (#2227)
Obtaining file:///home/furp/habitat-lab/habitat-lab
  Installing build dependencies: started
  Installing build dependencies: finished with status 'done'
  Checking if build backend supports build_editable: started
  Checking if build backend supports build_editable: finished with status 'done'
  Getting requirements to build editable: started
  Getting requirements to build editable: finished with status 'done'
  Preparing editable metadata (pyproject.toml): started
  Preparing editable metadata (pyproject.toml): finished with status 'done'
Requirement already satisfied: gym<0.23.1,>=0.22.0 in /home/furp/micromamba/envs/habitat/lib/python3.9/site-packages (from habitat-lab==0.3.3) (0.23.0)
Requirement already satisfied: numpy==1.26.4 in /home/furp/micromamba/envs/habitat/lib/python3.9/site-packages (from habitat-lab==0.3.3) (1.26.4)
Requirement already satisfied: numpy-quaternion>=2019.3.18.14.33.20 in /home/furp/micromamba/envs/habitat/lib/python3.9/site-packages (from habitat-lab==0.3.3) (2023.0.4)
Requirement already satisfied: attrs>=19.1.0 in /home/furp/micromamba/envs/habitat/lib/python3.9/site-packages (from habitat-lab==0.3.3) (25.3.0)
Requirement already satisfied: opencv-python>=3.3.0 in /home/furp/micromamba/envs/habitat/lib/python3.9/site-packages (from habitat-lab==0.3.3) (4.11.0.86)
Requirement already satisfied: hydra-core>=1.2.0 in /home/furp/micromamba/envs/habitat/lib/python3.9/site-packages (from habitat-lab==0.3.3) (1.3.3)
Requirement already satisfied: omegaconf>=2.2.3 in /home/furp/micromamba/envs/habitat/lib/python3.9/site-packages (from habitat-lab==0.3.3) (2.3.1)
Requirement already satisfied: numba>=0.44.0 in /home/furp/micromamba/envs/habitat/lib/python3.9/site-packages (from habitat-lab==0.3.3) (0.59.1)
Requirement already satisfied: imageio>=2.2.0 in /home/furp/micromamba/envs/habitat/lib/python3.9/site-packages (from habitat-lab==0.3.3) (2.37.0)
Requirement already satisfied: imageio-ffmpeg>=0.2.0 in /home/furp/micromamba/envs/habitat/lib/python3.9/site-packages (from habitat-lab==0.3.3) (0.6.0)
Requirement already satisfied: scipy>=1.10.1 in /home/furp/micromamba/envs/habitat/lib/python3.9/site-packages (from habitat-lab==0.3.3) (1.13.1)
Requirement already satisfied: tqdm>=4.0.0 in /home/furp/micromamba/envs/habitat/lib/python3.9/site-packages (from habitat-lab==0.3.3) (4.67.1)
Requirement already satisfied: cloudpickle>=1.2.0 in /home/furp/micromamba/envs/habitat/lib/python3.9/site-packages (from gym<0.23.1,>=0.22.0->habitat-lab==0.3.3) (3.1.2)
Requirement already satisfied: importlib_metadata>=4.10.0 in /home/furp/micromamba/envs/habitat/lib/python3.9/site-packages (from gym<0.23.1,>=0.22.0->habitat-lab==0.3.3) (7.1.0)
Requirement already satisfied: gym_notices>=0.0.4 in /home/furp/micromamba/envs/habitat/lib/python3.9/site-packages (from gym<0.23.1,>=0.22.0->habitat-lab==0.3.3) (0.1.0)
Requirement already satisfied: antlr4-python3-runtime==4.9.* in /home/furp/micromamba/envs/habitat/lib/python3.9/site-packages (from hydra-core>=1.2.0->habitat-lab==0.3.3) (4.9.3)
Requirement already satisfied: packaging in /home/furp/micromamba/envs/habitat/lib/python3.9/site-packages (from hydra-core>=1.2.0->habitat-lab==0.3.3) (26.2)
Requirement already satisfied: PyYAML>=5.1.0 in /home/furp/micromamba/envs/habitat/lib/python3.9/site-packages (from omegaconf>=2.2.3->habitat-lab==0.3.3) (6.0.3)
Requirement already satisfied: pillow>=8.3.2 in /home/furp/micromamba/envs/habitat/lib/python3.9/site-packages (from imageio>=2.2.0->habitat-lab==0.3.3) (10.4.0)
Requirement already satisfied: zipp>=0.5 in /home/furp/micromamba/envs/habitat/lib/python3.9/site-packages (from importlib_metadata>=4.10.0->gym<0.23.1,>=0.22.0->habitat-lab==0.3.3) (3.19.2)
Requirement already satisfied: llvmlite<0.43,>=0.42.0dev0 in /home/furp/micromamba/envs/habitat/lib/python3.9/site-packages (from numba>=0.44.0->habitat-lab==0.3.3) (0.42.0)
Building wheels for collected packages: habitat-lab
  Building editable for habitat-lab (pyproject.toml): started
  Building editable for habitat-lab (pyproject.toml): finished with status 'done'
  Created wheel for habitat-lab: filename=habitat_lab-0.3.3-0.editable-py3-none-any.whl size=4108 sha256=37140d41db32cf66839af16803413accc159e21f230564a4a24df502e1956711
  Stored in directory: /tmp/pip-ephem-wheel-cache-lw5wswky/wheels/6b/62/d5/f5cba722e47b2c1395a4a7c46a8f67ebc6d240cc9874c94863
Successfully built habitat-lab
Installing collected packages: habitat-lab
  Attempting uninstall: habitat-lab
    Found existing installation: habitat-lab 0.3.3
    Uninstalling habitat-lab-0.3.3:
      Successfully uninstalled habitat-lab-0.3.3
Successfully installed habitat-lab-0.3.3
Obtaining file:///home/furp/habitat-lab/habitat-baselines
  Installing build dependencies: started
  Installing build dependencies: finished with status 'done'
  Checking if build backend supports build_editable: started
  Checking if build backend supports build_editable: finished with status 'done'
  Getting requirements to build editable: started
  Getting requirements to build editable: finished with status 'done'
  Preparing editable metadata (pyproject.toml): started
  Preparing editable metadata (pyproject.toml): finished with status 'done'
Requirement already satisfied: tensorboard>=2.8.0 in /home/furp/micromamba/envs/habitat/lib/python3.9/site-packages (from habitat-baselines==0.3.3) (2.21.0)
Requirement already satisfied: torchvision in /home/furp/micromamba/envs/habitat/lib/python3.9/site-packages (from habitat-baselines==0.3.3) (0.23.0+cu128)
Requirement already satisfied: threadpoolctl>=3.1.0 in /home/furp/micromamba/envs/habitat/lib/python3.9/site-packages (from habitat-baselines==0.3.3) (3.6.0)
Requirement already satisfied: webdataset==0.1.40 in /home/furp/micromamba/envs/habitat/lib/python3.9/site-packages (from habitat-baselines==0.3.3) (0.1.40)
Requirement already satisfied: torch>=1.3.1 in /home/furp/micromamba/envs/habitat/lib/python3.9/site-packages (from habitat-baselines==0.3.3) (2.8.0+cu128)
Requirement already satisfied: moviepy>=1.0.1 in /home/furp/micromamba/envs/habitat/lib/python3.9/site-packages (from habitat-baselines==0.3.3) (2.2.1)
Requirement already satisfied: faster_fifo>=1.4.2 in /home/furp/micromamba/envs/habitat/lib/python3.9/site-packages (from habitat-baselines==0.3.3) (1.5.2)
Requirement already satisfied: lmdb>=0.98 in /home/furp/micromamba/envs/habitat/lib/python3.9/site-packages (from habitat-baselines==0.3.3) (2.3.0)
Requirement already satisfied: ifcfg in /home/furp/micromamba/envs/habitat/lib/python3.9/site-packages (from habitat-baselines==0.3.3) (0.24)
Requirement already satisfied: Pillow in /home/furp/micromamba/envs/habitat/lib/python3.9/site-packages (from webdataset==0.1.40->habitat-baselines==0.3.3) (10.4.0)
Requirement already satisfied: simplejson in /home/furp/micromamba/envs/habitat/lib/python3.9/site-packages (from webdataset==0.1.40->habitat-baselines==0.3.3) (4.1.1)
Requirement already satisfied: braceexpand in /home/furp/micromamba/envs/habitat/lib/python3.9/site-packages (from webdataset==0.1.40->habitat-baselines==0.3.3) (0.1.7)
Requirement already satisfied: msgpack in /home/furp/micromamba/envs/habitat/lib/python3.9/site-packages (from webdataset==0.1.40->habitat-baselines==0.3.3) (1.1.2)
Requirement already satisfied: pyyaml in /home/furp/micromamba/envs/habitat/lib/python3.9/site-packages (from webdataset==0.1.40->habitat-baselines==0.3.3) (6.0.3)
Requirement already satisfied: numpy in /home/furp/micromamba/envs/habitat/lib/python3.9/site-packages (from webdataset==0.1.40->habitat-baselines==0.3.3) (1.26.4)
Requirement already satisfied: objectio in /home/furp/micromamba/envs/habitat/lib/python3.9/site-packages (from webdataset==0.1.40->habitat-baselines==0.3.3) (0.2.29)
Requirement already satisfied: decorator<6.0,>=4.0.2 in /home/furp/micromamba/envs/habitat/lib/python3.9/site-packages (from moviepy>=1.0.1->habitat-baselines==0.3.3) (5.3.1)
Requirement already satisfied: imageio<3.0,>=2.5 in /home/furp/micromamba/envs/habitat/lib/python3.9/site-packages (from moviepy>=1.0.1->habitat-baselines==0.3.3) (2.37.0)
Requirement already satisfied: imageio_ffmpeg>=0.2.0 in /home/furp/micromamba/envs/habitat/lib/python3.9/site-packages (from moviepy>=1.0.1->habitat-baselines==0.3.3) (0.6.0)
Requirement already satisfied: proglog<=1.0.0 in /home/furp/micromamba/envs/habitat/lib/python3.9/site-packages (from moviepy>=1.0.1->habitat-baselines==0.3.3) (0.1.12)
Requirement already satisfied: python-dotenv>=0.10 in /home/furp/micromamba/envs/habitat/lib/python3.9/site-packages (from moviepy>=1.0.1->habitat-baselines==0.3.3) (1.2.1)
Requirement already satisfied: tqdm in /home/furp/micromamba/envs/habitat/lib/python3.9/site-packages (from proglog<=1.0.0->moviepy>=1.0.1->habitat-baselines==0.3.3) (4.67.1)
Requirement already satisfied: absl-py>=0.4 in /home/furp/micromamba/envs/habitat/lib/python3.9/site-packages (from tensorboard>=2.8.0->habitat-baselines==0.3.3) (2.3.1)
Requirement already satisfied: grpcio<2.0,>=1.74.0 in /home/furp/micromamba/envs/habitat/lib/python3.9/site-packages (from tensorboard>=2.8.0->habitat-baselines==0.3.3) (1.80.0)
Requirement already satisfied: markdown>=2.6.8 in /home/furp/micromamba/envs/habitat/lib/python3.9/site-packages (from tensorboard>=2.8.0->habitat-baselines==0.3.3) (3.9)
Requirement already satisfied: packaging in /home/furp/micromamba/envs/habitat/lib/python3.9/site-packages (from tensorboard>=2.8.0->habitat-baselines==0.3.3) (26.2)
Requirement already satisfied: protobuf<8.0.0,>=6.31.1 in /home/furp/micromamba/envs/habitat/lib/python3.9/site-packages (from tensorboard>=2.8.0->habitat-baselines==0.3.3) (6.33.6)
Requirement already satisfied: setuptools>=41.0.0 in /home/furp/micromamba/envs/habitat/lib/python3.9/site-packages (from tensorboard>=2.8.0->habitat-baselines==0.3.3) (82.0.1)
Requirement already satisfied: tensorboard-data-server<0.8.0,>=0.7.0 in /home/furp/micromamba/envs/habitat/lib/python3.9/site-packages (from tensorboard>=2.8.0->habitat-baselines==0.3.3) (0.7.2)
Requirement already satisfied: werkzeug>=1.0.1 in /home/furp/micromamba/envs/habitat/lib/python3.9/site-packages (from tensorboard>=2.8.0->habitat-baselines==0.3.3) (3.1.8)
Requirement already satisfied: typing-extensions~=4.12 in /home/furp/micromamba/envs/habitat/lib/python3.9/site-packages (from grpcio<2.0,>=1.74.0->tensorboard>=2.8.0->habitat-baselines==0.3.3) (4.14.1)
Requirement already satisfied: importlib-metadata>=4.4 in /home/furp/micromamba/envs/habitat/lib/python3.9/site-packages (from markdown>=2.6.8->tensorboard>=2.8.0->habitat-baselines==0.3.3) (7.1.0)
Requirement already satisfied: zipp>=0.5 in /home/furp/micromamba/envs/habitat/lib/python3.9/site-packages (from importlib-metadata>=4.4->markdown>=2.6.8->tensorboard>=2.8.0->habitat-baselines==0.3.3) (3.19.2)
Requirement already satisfied: filelock in /home/furp/micromamba/envs/habitat/lib/python3.9/site-packages (from torch>=1.3.1->habitat-baselines==0.3.3) (3.19.1)
Requirement already satisfied: sympy>=1.13.3 in /home/furp/micromamba/envs/habitat/lib/python3.9/site-packages (from torch>=1.3.1->habitat-baselines==0.3.3) (1.14.0)
Requirement already satisfied: networkx in /home/furp/micromamba/envs/habitat/lib/python3.9/site-packages (from torch>=1.3.1->habitat-baselines==0.3.3) (3.2.1)
Requirement already satisfied: jinja2 in /home/furp/micromamba/envs/habitat/lib/python3.9/site-packages (from torch>=1.3.1->habitat-baselines==0.3.3) (3.1.6)
Requirement already satisfied: fsspec in /home/furp/micromamba/envs/habitat/lib/python3.9/site-packages (from torch>=1.3.1->habitat-baselines==0.3.3) (2025.10.0)
Requirement already satisfied: nvidia-cuda-nvrtc-cu12==12.8.93 in /home/furp/micromamba/envs/habitat/lib/python3.9/site-packages (from torch>=1.3.1->habitat-baselines==0.3.3) (12.8.93)
Requirement already satisfied: nvidia-cuda-runtime-cu12==12.8.90 in /home/furp/micromamba/envs/habitat/lib/python3.9/site-packages (from torch>=1.3.1->habitat-baselines==0.3.3) (12.8.90)
Requirement already satisfied: nvidia-cuda-cupti-cu12==12.8.90 in /home/furp/micromamba/envs/habitat/lib/python3.9/site-packages (from torch>=1.3.1->habitat-baselines==0.3.3) (12.8.90)
Requirement already satisfied: nvidia-cudnn-cu12==9.10.2.21 in /home/furp/micromamba/envs/habitat/lib/python3.9/site-packages (from torch>=1.3.1->habitat-baselines==0.3.3) (9.10.2.21)
Requirement already satisfied: nvidia-cublas-cu12==12.8.4.1 in /home/furp/micromamba/envs/habitat/lib/python3.9/site-packages (from torch>=1.3.1->habitat-baselines==0.3.3) (12.8.4.1)
Requirement already satisfied: nvidia-cufft-cu12==11.3.3.83 in /home/furp/micromamba/envs/habitat/lib/python3.9/site-packages (from torch>=1.3.1->habitat-baselines==0.3.3) (11.3.3.83)
Requirement already satisfied: nvidia-curand-cu12==10.3.9.90 in /home/furp/micromamba/envs/habitat/lib/python3.9/site-packages (from torch>=1.3.1->habitat-baselines==0.3.3) (10.3.9.90)
Requirement already satisfied: nvidia-cusolver-cu12==11.7.3.90 in /home/furp/micromamba/envs/habitat/lib/python3.9/site-packages (from torch>=1.3.1->habitat-baselines==0.3.3) (11.7.3.90)
Requirement already satisfied: nvidia-cusparse-cu12==12.5.8.93 in /home/furp/micromamba/envs/habitat/lib/python3.9/site-packages (from torch>=1.3.1->habitat-baselines==0.3.3) (12.5.8.93)
Requirement already satisfied: nvidia-cusparselt-cu12==0.7.1 in /home/furp/micromamba/envs/habitat/lib/python3.9/site-packages (from torch>=1.3.1->habitat-baselines==0.3.3) (0.7.1)
Requirement already satisfied: nvidia-nccl-cu12==2.27.3 in /home/furp/micromamba/envs/habitat/lib/python3.9/site-packages (from torch>=1.3.1->habitat-baselines==0.3.3) (2.27.3)
Requirement already satisfied: nvidia-nvtx-cu12==12.8.90 in /home/furp/micromamba/envs/habitat/lib/python3.9/site-packages (from torch>=1.3.1->habitat-baselines==0.3.3) (12.8.90)
Requirement already satisfied: nvidia-nvjitlink-cu12==12.8.93 in /home/furp/micromamba/envs/habitat/lib/python3.9/site-packages (from torch>=1.3.1->habitat-baselines==0.3.3) (12.8.93)
Requirement already satisfied: nvidia-cufile-cu12==1.13.1.3 in /home/furp/micromamba/envs/habitat/lib/python3.9/site-packages (from torch>=1.3.1->habitat-baselines==0.3.3) (1.13.1.3)
Requirement already satisfied: triton==3.4.0 in /home/furp/micromamba/envs/habitat/lib/python3.9/site-packages (from torch>=1.3.1->habitat-baselines==0.3.3) (3.4.0)
Requirement already satisfied: mpmath<1.4,>=1.1.0 in /home/furp/micromamba/envs/habitat/lib/python3.9/site-packages (from sympy>=1.13.3->torch>=1.3.1->habitat-baselines==0.3.3) (1.3.0)
Requirement already satisfied: markupsafe>=2.1.1 in /home/furp/micromamba/envs/habitat/lib/python3.9/site-packages (from werkzeug>=1.0.1->tensorboard>=2.8.0->habitat-baselines==0.3.3) (3.0.2)
Requirement already satisfied: typer in /home/furp/micromamba/envs/habitat/lib/python3.9/site-packages (from objectio->webdataset==0.1.40->habitat-baselines==0.3.3) (0.23.2)
Requirement already satisfied: click>=8.0.0 in /home/furp/micromamba/envs/habitat/lib/python3.9/site-packages (from typer->objectio->webdataset==0.1.40->habitat-baselines==0.3.3) (8.1.8)
Requirement already satisfied: shellingham>=1.3.0 in /home/furp/micromamba/envs/habitat/lib/python3.9/site-packages (from typer->objectio->webdataset==0.1.40->habitat-baselines==0.3.3) (1.5.4)
Requirement already satisfied: rich>=12.3.0 in /home/furp/micromamba/envs/habitat/lib/python3.9/site-packages (from typer->objectio->webdataset==0.1.40->habitat-baselines==0.3.3) (15.0.0)
Requirement already satisfied: annotated-doc>=0.0.2 in /home/furp/micromamba/envs/habitat/lib/python3.9/site-packages (from typer->objectio->webdataset==0.1.40->habitat-baselines==0.3.3) (0.0.5)
Requirement already satisfied: markdown-it-py>=2.2.0 in /home/furp/micromamba/envs/habitat/lib/python3.9/site-packages (from rich>=12.3.0->typer->objectio->webdataset==0.1.40->habitat-baselines==0.3.3) (3.0.0)
Requirement already satisfied: pygments<3.0.0,>=2.13.0 in /home/furp/micromamba/envs/habitat/lib/python3.9/site-packages (from rich>=12.3.0->typer->objectio->webdataset==0.1.40->habitat-baselines==0.3.3) (2.20.0)
Requirement already satisfied: mdurl~=0.1 in /home/furp/micromamba/envs/habitat/lib/python3.9/site-packages (from markdown-it-py>=2.2.0->rich>=12.3.0->typer->objectio->webdataset==0.1.40->habitat-baselines==0.3.3) (0.1.2)
Building wheels for collected packages: habitat-baselines
  Building editable for habitat-baselines (pyproject.toml): started
  Building editable for habitat-baselines (pyproject.toml): finished with status 'done'
  Created wheel for habitat-baselines: filename=habitat_baselines-0.3.3-0.editable-py3-none-any.whl size=8048 sha256=624a670fe6311e3a2ec6db41af3e2b70c4abc212f32ba9c83772753980b457bd
  Stored in directory: /tmp/pip-ephem-wheel-cache-bd2eig5j/wheels/42/6f/c2/a18c63c9333fdd88eb6735b6a77c2f58469952a9efe51fa63e
Successfully built habitat-baselines
Installing collected packages: habitat-baselines
  Attempting uninstall: habitat-baselines
    Found existing installation: habitat-baselines 0.3.3
    Uninstalling habitat-baselines-0.3.3:
      Successfully uninstalled habitat-baselines-0.3.3
Successfully installed habitat-baselines-0.3.3
No broken requirements found.
Skipping object checkout, Git LFS is not installed for this repository.
Consider installing it with 'git lfs install'.
Found the existing repo for (habitat_test_scenes): /home/furp/habitat-lab/data/versioned_data/habitat_test_scenes
 checking out main and pulling changes from repo.
=======================================================
Not replacing data, generating symlink (/home/furp/habitat-lab/data/scene_datasets/habitat-test-scenes).
Generating symlink (/home/furp/habitat-lab/data/scene_datasets/habitat-test-scenes).
=======================================================
--2026-08-11 16:43:15--  http://dl.fbaipublicfiles.com/habitat/habitat-test-pointnav-dataset_v1.0.zip
Resolving dl.fbaipublicfiles.com (dl.fbaipublicfiles.com)... 65.8.54.65, 65.8.54.33, 65.8.54.42, ...
Connecting to dl.fbaipublicfiles.com (dl.fbaipublicfiles.com)|65.8.54.65|:80... connected.
HTTP request sent, awaiting response... 200 OK
Length: 894623 (874K) [application/zip]
Saving to: ‘/home/furp/habitat-lab/data/habitat-test-pointnav-dataset_v1.0.zip’

     0K .......... .......... .......... .......... ..........  5% 25.6K 32s
    50K .......... .......... .......... .......... .......... 11% 37.2K 26s
   100K .......... .......... .......... .......... .......... 17% 62.0K 20s
   150K .......... .......... .......... .......... .......... 22% 79.4K 16s
   200K .......... .......... .......... .......... .......... 28%  229K 12s
   250K .......... .......... .......... .......... .......... 34% 63.2K 11s
   300K .......... .......... .......... .......... .......... 40% 64.9K 10s
   350K .......... .......... .......... .......... .......... 45%  188K 8s
   400K .......... .......... .......... .......... .......... 51% 66.7K 7s
   450K .......... .......... .......... .......... .......... 57%  161K 6s
   500K .......... .......... .......... .......... .......... 62% 59.2K 5s
   550K .......... .......... .......... .......... .......... 68%  201K 4s
   600K .......... .......... .......... .......... .......... 74% 52.2K 3s
   650K .......... .......... .......... .......... .......... 80%  288K 2s
   700K .......... .......... .......... .......... .......... 85% 75.6K 2s
   750K .......... .......... .......... .......... .......... 91%  114K 1s
   800K .......... .......... .......... .......... .......... 97% 97.7K 0s
   850K .......... .......... ...                             100% 98.6K=12s

2026-08-11 16:43:28 (73.3 KB/s) - ‘/home/furp/habitat-lab/data/habitat-test-pointnav-dataset_v1.0.zip’ saved [894623/894623]

=======================================================
Dataset (habitat_test_pointnav_dataset) successfully downloaded.
Source: '/home/furp/habitat-lab/data/versioned_data/habitat_test_pointnav_dataset_1.0'
Symlink: '/home/furp/habitat-lab/data/datasets/pointnav/habitat-test-scenes'
=======================================================
Gym has been unmaintained since 2022 and does not support NumPy 2.0 amongst other critical functionality.
Please upgrade to Gymnasium, the maintained drop-in replacement of Gym, or contact the authors of your software and request that they upgrade.
See the migration guide at https://gymnasium.farama.org/introduction/migration_guide/ for additional information.
PluginManager::Manager: duplicate static plugin StbImageImporter, ignoring
PluginManager::Manager: duplicate static plugin GltfImporter, ignoring
PluginManager::Manager: duplicate static plugin BasisImporter, ignoring
PluginManager::Manager: duplicate static plugin AssimpImporter, ignoring
PluginManager::Manager: duplicate static plugin AnySceneImporter, ignoring
PluginManager::Manager: duplicate static plugin AnyImageImporter, ignoring
PluginManager::Manager: duplicate static plugin StbImageImporter, ignoring
PluginManager::Manager: duplicate static plugin GltfImporter, ignoring
PluginManager::Manager: duplicate static plugin BasisImporter, ignoring
PluginManager::Manager: duplicate static plugin AssimpImporter, ignoring
PluginManager::Manager: duplicate static plugin AnySceneImporter, ignoring
PluginManager::Manager: duplicate static plugin AnyImageImporter, ignoring
Renderer: NVIDIA GeForce RTX 4070/PCIe/SSE2 by NVIDIA Corporation
OpenGL version: 4.6.0 NVIDIA 580.173.02
Using optional features:
    GL_ARB_vertex_array_object
    GL_ARB_separate_shader_objects
    GL_ARB_robustness
    GL_ARB_texture_storage
    GL_ARB_texture_view
    GL_ARB_framebuffer_no_attachments
    GL_ARB_invalidate_subdata
    GL_ARB_texture_storage_multisample
    GL_ARB_multi_bind
    GL_ARB_direct_state_access
    GL_ARB_get_texture_sub_image
    GL_ARB_texture_filter_anisotropic
    GL_KHR_debug
    GL_KHR_parallel_shader_compile
    GL_NV_depth_buffer_float
Using driver workarounds:
    no-forward-compatible-core-context
    nv-egl-incorrect-gl11-function-pointers
    no-layout-qualifiers-on-old-glsl
    nv-zero-context-profile-mask
    nv-implementation-color-read-format-dsa-broken
    nv-cubemap-inconsistent-compressed-image-size
    nv-cubemap-broken-full-compressed-image-query
    nv-compressed-block-size-in-bits
[16:43:31:391885]:[Warning]:[Metadata] SceneDatasetAttributes.cpp(107)::addNewSceneInstanceToDataset : Dataset : 'default' : Lighting Layout Attributes 'no_lights' specified in Scene Attributes but does not exist in dataset, so creating default.
[16:43:31:391988]:[Warning]:[Scene] SemanticScene.h(331)::checkFileExists : ::loadSemanticSceneDescriptor: File `data/scene_datasets/habitat-test-scenes/skokloster-castle.scn` does not exist.  Aborting load.
[16:43:31:392000]:[Warning]:[Scene] SemanticScene.cpp(123)::loadSemanticSceneDescriptor : SSD File Naming Issue! Neither SemanticAttributes-provided name : `data/scene_datasets/habitat-test-scenes/skokloster-castle.scn` nor constructed filename : `data/scene_datasets/habitat-test-scenes/info_semantic.json` exist on disk.
[16:43:31:392006]:[Error]:[Scene] SemanticScene.cpp(139)::loadSemanticSceneDescriptor : SSD Load Failure! File with SemanticAttributes-provided name `data/scene_datasets/habitat-test-scenes/skokloster-castle.scn` exists but failed to load.
Utility::Json: unexpected v at data/scene_datasets/habitat-test-scenes/skokloster-castle.glb:1:1
Trade::GltfImporter::openData(): invalid JSON
Traceback (most recent call last):
  File "<stdin>", line 27, in <module>
  File "<attrs generated methods habitat_sim.simulator.Simulator>", line 40, in __init__
  File "/home/furp/micromamba/envs/habitat/lib/python3.9/site-packages/habitat_sim-0.3.3-py3.9-linux-x86_64.egg/habitat_sim/simulator.py", line 118, in __attrs_post_init__
    self.__set_from_config(self.config)
  File "/home/furp/micromamba/envs/habitat/lib/python3.9/site-packages/habitat_sim-0.3.3-py3.9-linux-x86_64.egg/habitat_sim/simulator.py", line 238, in __set_from_config
    self._config_backend(config)
  File "/home/furp/micromamba/envs/habitat/lib/python3.9/site-packages/habitat_sim-0.3.3-py3.9-linux-x86_64.egg/habitat_sim/simulator.py", line 211, in _config_backend
    super().__init__(config.sim_cfg, config.metadata_mediator)
AssertionError: ESP_CHECK failed: Error loading general mesh data from file 'data/scene_datasets/habitat-test-scenes/skokloster-castle.glb'
Bootstrap stopped with partial state preserved. After fixing infrastructure, resume with:
  BOOTSTRAP_RESUME=1 bash src/experiments/closeout_dsr/bootstrap_server.sh
