Resuming existing script-owned environment: habitat
Requirement already satisfied: pip==26.0.1 in /home/furp/micromamba/envs/habitat/lib/python3.9/site-packages (26.0.1)
Requirement already satisfied: setuptools==82.0.1 in /home/furp/micromamba/envs/habitat/lib/python3.9/site-packages (82.0.1)
Requirement already satisfied: wheel==0.47.0 in /home/furp/micromamba/envs/habitat/lib/python3.9/site-packages (0.47.0)
Collecting pillow==10.4.0
  Downloading pillow-10.4.0-cp39-cp39-manylinux_2_28_x86_64.whl.metadata (9.2 kB)
Requirement already satisfied: packaging==26.2 in /home/furp/micromamba/envs/habitat/lib/python3.9/site-packages (26.2)
Downloading pillow-10.4.0-cp39-cp39-manylinux_2_28_x86_64.whl (4.5 MB)
   ━━━━━━━━━━━━━━━━━━━━━━━━━━━━━━━━━━━━━━━━ 4.5/4.5 MB 3.7 MB/s  0:00:01
Installing collected packages: pillow
  Attempting uninstall: pillow
    Found existing installation: pillow 11.3.0
    Uninstalling pillow-11.3.0:
      Successfully uninstalled pillow-11.3.0
Successfully installed pillow-10.4.0
Looking in indexes: https://download.pytorch.org/whl/cu128
Requirement already satisfied: torch==2.8.0 in /home/furp/micromamba/envs/habitat/lib/python3.9/site-packages (2.8.0+cu128)
Requirement already satisfied: torchvision==0.23.0 in /home/furp/micromamba/envs/habitat/lib/python3.9/site-packages (0.23.0+cu128)
Requirement already satisfied: torchaudio==2.8.0 in /home/furp/micromamba/envs/habitat/lib/python3.9/site-packages (2.8.0+cu128)
Requirement already satisfied: filelock in /home/furp/micromamba/envs/habitat/lib/python3.9/site-packages (from torch==2.8.0) (3.19.1)
Requirement already satisfied: typing-extensions>=4.10.0 in /home/furp/micromamba/envs/habitat/lib/python3.9/site-packages (from torch==2.8.0) (4.14.1)
Requirement already satisfied: sympy>=1.13.3 in /home/furp/micromamba/envs/habitat/lib/python3.9/site-packages (from torch==2.8.0) (1.14.0)
Requirement already satisfied: networkx in /home/furp/micromamba/envs/habitat/lib/python3.9/site-packages (from torch==2.8.0) (3.2.1)
Requirement already satisfied: jinja2 in /home/furp/micromamba/envs/habitat/lib/python3.9/site-packages (from torch==2.8.0) (3.1.6)
Requirement already satisfied: fsspec in /home/furp/micromamba/envs/habitat/lib/python3.9/site-packages (from torch==2.8.0) (2025.10.0)
Requirement already satisfied: nvidia-cuda-nvrtc-cu12==12.8.93 in /home/furp/micromamba/envs/habitat/lib/python3.9/site-packages (from torch==2.8.0) (12.8.93)
Requirement already satisfied: nvidia-cuda-runtime-cu12==12.8.90 in /home/furp/micromamba/envs/habitat/lib/python3.9/site-packages (from torch==2.8.0) (12.8.90)
Requirement already satisfied: nvidia-cuda-cupti-cu12==12.8.90 in /home/furp/micromamba/envs/habitat/lib/python3.9/site-packages (from torch==2.8.0) (12.8.90)
Requirement already satisfied: nvidia-cudnn-cu12==9.10.2.21 in /home/furp/micromamba/envs/habitat/lib/python3.9/site-packages (from torch==2.8.0) (9.10.2.21)
Requirement already satisfied: nvidia-cublas-cu12==12.8.4.1 in /home/furp/micromamba/envs/habitat/lib/python3.9/site-packages (from torch==2.8.0) (12.8.4.1)
Requirement already satisfied: nvidia-cufft-cu12==11.3.3.83 in /home/furp/micromamba/envs/habitat/lib/python3.9/site-packages (from torch==2.8.0) (11.3.3.83)
Requirement already satisfied: nvidia-curand-cu12==10.3.9.90 in /home/furp/micromamba/envs/habitat/lib/python3.9/site-packages (from torch==2.8.0) (10.3.9.90)
Requirement already satisfied: nvidia-cusolver-cu12==11.7.3.90 in /home/furp/micromamba/envs/habitat/lib/python3.9/site-packages (from torch==2.8.0) (11.7.3.90)
Requirement already satisfied: nvidia-cusparse-cu12==12.5.8.93 in /home/furp/micromamba/envs/habitat/lib/python3.9/site-packages (from torch==2.8.0) (12.5.8.93)
Requirement already satisfied: nvidia-cusparselt-cu12==0.7.1 in /home/furp/micromamba/envs/habitat/lib/python3.9/site-packages (from torch==2.8.0) (0.7.1)
Requirement already satisfied: nvidia-nccl-cu12==2.27.3 in /home/furp/micromamba/envs/habitat/lib/python3.9/site-packages (from torch==2.8.0) (2.27.3)
Requirement already satisfied: nvidia-nvtx-cu12==12.8.90 in /home/furp/micromamba/envs/habitat/lib/python3.9/site-packages (from torch==2.8.0) (12.8.90)
Requirement already satisfied: nvidia-nvjitlink-cu12==12.8.93 in /home/furp/micromamba/envs/habitat/lib/python3.9/site-packages (from torch==2.8.0) (12.8.93)
Requirement already satisfied: nvidia-cufile-cu12==1.13.1.3 in /home/furp/micromamba/envs/habitat/lib/python3.9/site-packages (from torch==2.8.0) (1.13.1.3)
Requirement already satisfied: triton==3.4.0 in /home/furp/micromamba/envs/habitat/lib/python3.9/site-packages (from torch==2.8.0) (3.4.0)
Requirement already satisfied: numpy in /home/furp/micromamba/envs/habitat/lib/python3.9/site-packages (from torchvision==0.23.0) (1.26.4)
Requirement already satisfied: pillow!=8.3.*,>=5.3.0 in /home/furp/micromamba/envs/habitat/lib/python3.9/site-packages (from torchvision==0.23.0) (10.4.0)
Requirement already satisfied: setuptools>=40.8.0 in /home/furp/micromamba/envs/habitat/lib/python3.9/site-packages (from triton==3.4.0->torch==2.8.0) (82.0.1)
Requirement already satisfied: importlib-metadata in /home/furp/micromamba/envs/habitat/lib/python3.9/site-packages (from triton==3.4.0->torch==2.8.0) (7.1.0)
Requirement already satisfied: mpmath<1.4,>=1.1.0 in /home/furp/micromamba/envs/habitat/lib/python3.9/site-packages (from sympy>=1.13.3->torch==2.8.0) (1.3.0)
Requirement already satisfied: zipp>=0.5 in /home/furp/micromamba/envs/habitat/lib/python3.9/site-packages (from importlib-metadata->triton==3.4.0->torch==2.8.0) (3.19.2)
Requirement already satisfied: MarkupSafe>=2.0 in /home/furp/micromamba/envs/habitat/lib/python3.9/site-packages (from jinja2->torch==2.8.0) (3.0.2)
Requirement already satisfied: numpy==1.26.4 in /home/furp/micromamba/envs/habitat/lib/python3.9/site-packages (1.26.4)
Requirement already satisfied: gym==0.23.0 in /home/furp/micromamba/envs/habitat/lib/python3.9/site-packages (0.23.0)
Requirement already satisfied: hydra-core==1.3.3 in /home/furp/micromamba/envs/habitat/lib/python3.9/site-packages (1.3.3)
Requirement already satisfied: omegaconf==2.3.1 in /home/furp/micromamba/envs/habitat/lib/python3.9/site-packages (2.3.1)
Requirement already satisfied: cloudpickle>=1.2.0 in /home/furp/micromamba/envs/habitat/lib/python3.9/site-packages (from gym==0.23.0) (3.1.2)
Requirement already satisfied: importlib_metadata>=4.10.0 in /home/furp/micromamba/envs/habitat/lib/python3.9/site-packages (from gym==0.23.0) (7.1.0)
Requirement already satisfied: gym_notices>=0.0.4 in /home/furp/micromamba/envs/habitat/lib/python3.9/site-packages (from gym==0.23.0) (0.1.0)
Requirement already satisfied: antlr4-python3-runtime==4.9.* in /home/furp/micromamba/envs/habitat/lib/python3.9/site-packages (from hydra-core==1.3.3) (4.9.3)
Requirement already satisfied: packaging in /home/furp/micromamba/envs/habitat/lib/python3.9/site-packages (from hydra-core==1.3.3) (26.2)
Requirement already satisfied: PyYAML>=5.1.0 in /home/furp/micromamba/envs/habitat/lib/python3.9/site-packages (from omegaconf==2.3.1) (6.0.3)
Requirement already satisfied: zipp>=0.5 in /home/furp/micromamba/envs/habitat/lib/python3.9/site-packages (from importlib_metadata>=4.10.0->gym==0.23.0) (3.19.2)
HEAD is now at cdbb48805 CI: pin numpy<2.4 to fix numba import error (#2227)
Obtaining file:///home/furp/habitat-lab/habitat-lab
  Installing build dependencies: started
  Installing build dependencies: finished with status 'done'
  Checking if build backend supports build_editable: started
  Checking if build backend supports build_editable: finished with status 'done'
  Getting requirements to build editable: started
  Getting requirements to build editable: finished with status 'done'
  Preparing editable metadata (pyproject.toml): started
  Preparing editable metadata (pyproject.toml): finished with status 'done'
Requirement already satisfied: gym<0.23.1,>=0.22.0 in /home/furp/micromamba/envs/habitat/lib/python3.9/site-packages (from habitat-lab==0.3.3) (0.23.0)
Requirement already satisfied: numpy==1.26.4 in /home/furp/micromamba/envs/habitat/lib/python3.9/site-packages (from habitat-lab==0.3.3) (1.26.4)
Requirement already satisfied: numpy-quaternion>=2019.3.18.14.33.20 in /home/furp/micromamba/envs/habitat/lib/python3.9/site-packages (from habitat-lab==0.3.3) (2023.0.4)
Requirement already satisfied: attrs>=19.1.0 in /home/furp/micromamba/envs/habitat/lib/python3.9/site-packages (from habitat-lab==0.3.3) (25.3.0)
Requirement already satisfied: opencv-python>=3.3.0 in /home/furp/micromamba/envs/habitat/lib/python3.9/site-packages (from habitat-lab==0.3.3) (4.11.0.86)
Requirement already satisfied: hydra-core>=1.2.0 in /home/furp/micromamba/envs/habitat/lib/python3.9/site-packages (from habitat-lab==0.3.3) (1.3.3)
Requirement already satisfied: omegaconf>=2.2.3 in /home/furp/micromamba/envs/habitat/lib/python3.9/site-packages (from habitat-lab==0.3.3) (2.3.1)
Requirement already satisfied: numba>=0.44.0 in /home/furp/micromamba/envs/habitat/lib/python3.9/site-packages (from habitat-lab==0.3.3) (0.59.1)
Requirement already satisfied: imageio>=2.2.0 in /home/furp/micromamba/envs/habitat/lib/python3.9/site-packages (from habitat-lab==0.3.3) (2.37.0)
Requirement already satisfied: imageio-ffmpeg>=0.2.0 in /home/furp/micromamba/envs/habitat/lib/python3.9/site-packages (from habitat-lab==0.3.3) (0.6.0)
Requirement already satisfied: scipy>=1.10.1 in /home/furp/micromamba/envs/habitat/lib/python3.9/site-packages (from habitat-lab==0.3.3) (1.13.1)
Requirement already satisfied: tqdm>=4.0.0 in /home/furp/micromamba/envs/habitat/lib/python3.9/site-packages (from habitat-lab==0.3.3) (4.67.1)
Requirement already satisfied: cloudpickle>=1.2.0 in /home/furp/micromamba/envs/habitat/lib/python3.9/site-packages (from gym<0.23.1,>=0.22.0->habitat-lab==0.3.3) (3.1.2)
Requirement already satisfied: importlib_metadata>=4.10.0 in /home/furp/micromamba/envs/habitat/lib/python3.9/site-packages (from gym<0.23.1,>=0.22.0->habitat-lab==0.3.3) (7.1.0)
Requirement already satisfied: gym_notices>=0.0.4 in /home/furp/micromamba/envs/habitat/lib/python3.9/site-packages (from gym<0.23.1,>=0.22.0->habitat-lab==0.3.3) (0.1.0)
Requirement already satisfied: antlr4-python3-runtime==4.9.* in /home/furp/micromamba/envs/habitat/lib/python3.9/site-packages (from hydra-core>=1.2.0->habitat-lab==0.3.3) (4.9.3)
Requirement already satisfied: packaging in /home/furp/micromamba/envs/habitat/lib/python3.9/site-packages (from hydra-core>=1.2.0->habitat-lab==0.3.3) (26.2)
Requirement already satisfied: PyYAML>=5.1.0 in /home/furp/micromamba/envs/habitat/lib/python3.9/site-packages (from omegaconf>=2.2.3->habitat-lab==0.3.3) (6.0.3)
Requirement already satisfied: pillow>=8.3.2 in /home/furp/micromamba/envs/habitat/lib/python3.9/site-packages (from imageio>=2.2.0->habitat-lab==0.3.3) (10.4.0)
Requirement already satisfied: zipp>=0.5 in /home/furp/micromamba/envs/habitat/lib/python3.9/site-packages (from importlib_metadata>=4.10.0->gym<0.23.1,>=0.22.0->habitat-lab==0.3.3) (3.19.2)
Requirement already satisfied: llvmlite<0.43,>=0.42.0dev0 in /home/furp/micromamba/envs/habitat/lib/python3.9/site-packages (from numba>=0.44.0->habitat-lab==0.3.3) (0.42.0)
Building wheels for collected packages: habitat-lab
  Building editable for habitat-lab (pyproject.toml): started
  Building editable for habitat-lab (pyproject.toml): finished with status 'done'
  Created wheel for habitat-lab: filename=habitat_lab-0.3.3-0.editable-py3-none-any.whl size=4108 sha256=bde75872a668345898c3dd22b219a90e6dd389410a6b58f491767a252c149ff3
  Stored in directory: /tmp/pip-ephem-wheel-cache-yojiis6f/wheels/6b/62/d5/f5cba722e47b2c1395a4a7c46a8f67ebc6d240cc9874c94863
Successfully built habitat-lab
Installing collected packages: habitat-lab
  Attempting uninstall: habitat-lab
    Found existing installation: habitat-lab 0.3.3
    Uninstalling habitat-lab-0.3.3:
      Successfully uninstalled habitat-lab-0.3.3
Successfully installed habitat-lab-0.3.3
Obtaining file:///home/furp/habitat-lab/habitat-baselines
  Installing build dependencies: started
  Installing build dependencies: finished with status 'done'
  Checking if build backend supports build_editable: started
  Checking if build backend supports build_editable: finished with status 'done'
  Getting requirements to build editable: started
  Getting requirements to build editable: finished with status 'done'
  Preparing editable metadata (pyproject.toml): started
  Preparing editable metadata (pyproject.toml): finished with status 'done'
Requirement already satisfied: torch>=1.3.1 in /home/furp/micromamba/envs/habitat/lib/python3.9/site-packages (from habitat-baselines==0.3.3) (2.8.0+cu128)
Requirement already satisfied: torchvision in /home/furp/micromamba/envs/habitat/lib/python3.9/site-packages (from habitat-baselines==0.3.3) (0.23.0+cu128)
Requirement already satisfied: tensorboard>=2.8.0 in /home/furp/micromamba/envs/habitat/lib/python3.9/site-packages (from habitat-baselines==0.3.3) (2.21.0)
Requirement already satisfied: webdataset==0.1.40 in /home/furp/micromamba/envs/habitat/lib/python3.9/site-packages (from habitat-baselines==0.3.3) (0.1.40)
Requirement already satisfied: moviepy>=1.0.1 in /home/furp/micromamba/envs/habitat/lib/python3.9/site-packages (from habitat-baselines==0.3.3) (2.2.1)
Requirement already satisfied: threadpoolctl>=3.1.0 in /home/furp/micromamba/envs/habitat/lib/python3.9/site-packages (from habitat-baselines==0.3.3) (3.6.0)
Requirement already satisfied: faster_fifo>=1.4.2 in /home/furp/micromamba/envs/habitat/lib/python3.9/site-packages (from habitat-baselines==0.3.3) (1.5.2)
Requirement already satisfied: lmdb>=0.98 in /home/furp/micromamba/envs/habitat/lib/python3.9/site-packages (from habitat-baselines==0.3.3) (2.3.0)
Requirement already satisfied: ifcfg in /home/furp/micromamba/envs/habitat/lib/python3.9/site-packages (from habitat-baselines==0.3.3) (0.24)
Requirement already satisfied: Pillow in /home/furp/micromamba/envs/habitat/lib/python3.9/site-packages (from webdataset==0.1.40->habitat-baselines==0.3.3) (10.4.0)
Requirement already satisfied: simplejson in /home/furp/micromamba/envs/habitat/lib/python3.9/site-packages (from webdataset==0.1.40->habitat-baselines==0.3.3) (4.1.1)
Requirement already satisfied: braceexpand in /home/furp/micromamba/envs/habitat/lib/python3.9/site-packages (from webdataset==0.1.40->habitat-baselines==0.3.3) (0.1.7)
Requirement already satisfied: msgpack in /home/furp/micromamba/envs/habitat/lib/python3.9/site-packages (from webdataset==0.1.40->habitat-baselines==0.3.3) (1.1.2)
Requirement already satisfied: pyyaml in /home/furp/micromamba/envs/habitat/lib/python3.9/site-packages (from webdataset==0.1.40->habitat-baselines==0.3.3) (6.0.3)
Requirement already satisfied: numpy in /home/furp/micromamba/envs/habitat/lib/python3.9/site-packages (from webdataset==0.1.40->habitat-baselines==0.3.3) (1.26.4)
Requirement already satisfied: objectio in /home/furp/micromamba/envs/habitat/lib/python3.9/site-packages (from webdataset==0.1.40->habitat-baselines==0.3.3) (0.2.29)
Requirement already satisfied: decorator<6.0,>=4.0.2 in /home/furp/micromamba/envs/habitat/lib/python3.9/site-packages (from moviepy>=1.0.1->habitat-baselines==0.3.3) (5.3.1)
Requirement already satisfied: imageio<3.0,>=2.5 in /home/furp/micromamba/envs/habitat/lib/python3.9/site-packages (from moviepy>=1.0.1->habitat-baselines==0.3.3) (2.37.0)
Requirement already satisfied: imageio_ffmpeg>=0.2.0 in /home/furp/micromamba/envs/habitat/lib/python3.9/site-packages (from moviepy>=1.0.1->habitat-baselines==0.3.3) (0.6.0)
Requirement already satisfied: proglog<=1.0.0 in /home/furp/micromamba/envs/habitat/lib/python3.9/site-packages (from moviepy>=1.0.1->habitat-baselines==0.3.3) (0.1.12)
Requirement already satisfied: python-dotenv>=0.10 in /home/furp/micromamba/envs/habitat/lib/python3.9/site-packages (from moviepy>=1.0.1->habitat-baselines==0.3.3) (1.2.1)
Requirement already satisfied: tqdm in /home/furp/micromamba/envs/habitat/lib/python3.9/site-packages (from proglog<=1.0.0->moviepy>=1.0.1->habitat-baselines==0.3.3) (4.67.1)
Requirement already satisfied: absl-py>=0.4 in /home/furp/micromamba/envs/habitat/lib/python3.9/site-packages (from tensorboard>=2.8.0->habitat-baselines==0.3.3) (2.3.1)
Requirement already satisfied: grpcio<2.0,>=1.74.0 in /home/furp/micromamba/envs/habitat/lib/python3.9/site-packages (from tensorboard>=2.8.0->habitat-baselines==0.3.3) (1.80.0)
Requirement already satisfied: markdown>=2.6.8 in /home/furp/micromamba/envs/habitat/lib/python3.9/site-packages (from tensorboard>=2.8.0->habitat-baselines==0.3.3) (3.9)
Requirement already satisfied: packaging in /home/furp/micromamba/envs/habitat/lib/python3.9/site-packages (from tensorboard>=2.8.0->habitat-baselines==0.3.3) (26.2)
Requirement already satisfied: protobuf<8.0.0,>=6.31.1 in /home/furp/micromamba/envs/habitat/lib/python3.9/site-packages (from tensorboard>=2.8.0->habitat-baselines==0.3.3) (6.33.6)
Requirement already satisfied: setuptools>=41.0.0 in /home/furp/micromamba/envs/habitat/lib/python3.9/site-packages (from tensorboard>=2.8.0->habitat-baselines==0.3.3) (82.0.1)
Requirement already satisfied: tensorboard-data-server<0.8.0,>=0.7.0 in /home/furp/micromamba/envs/habitat/lib/python3.9/site-packages (from tensorboard>=2.8.0->habitat-baselines==0.3.3) (0.7.2)
Requirement already satisfied: werkzeug>=1.0.1 in /home/furp/micromamba/envs/habitat/lib/python3.9/site-packages (from tensorboard>=2.8.0->habitat-baselines==0.3.3) (3.1.8)
Requirement already satisfied: typing-extensions~=4.12 in /home/furp/micromamba/envs/habitat/lib/python3.9/site-packages (from grpcio<2.0,>=1.74.0->tensorboard>=2.8.0->habitat-baselines==0.3.3) (4.14.1)
Requirement already satisfied: importlib-metadata>=4.4 in /home/furp/micromamba/envs/habitat/lib/python3.9/site-packages (from markdown>=2.6.8->tensorboard>=2.8.0->habitat-baselines==0.3.3) (7.1.0)
Requirement already satisfied: zipp>=0.5 in /home/furp/micromamba/envs/habitat/lib/python3.9/site-packages (from importlib-metadata>=4.4->markdown>=2.6.8->tensorboard>=2.8.0->habitat-baselines==0.3.3) (3.19.2)
Requirement already satisfied: filelock in /home/furp/micromamba/envs/habitat/lib/python3.9/site-packages (from torch>=1.3.1->habitat-baselines==0.3.3) (3.19.1)
Requirement already satisfied: sympy>=1.13.3 in /home/furp/micromamba/envs/habitat/lib/python3.9/site-packages (from torch>=1.3.1->habitat-baselines==0.3.3) (1.14.0)
Requirement already satisfied: networkx in /home/furp/micromamba/envs/habitat/lib/python3.9/site-packages (from torch>=1.3.1->habitat-baselines==0.3.3) (3.2.1)
Requirement already satisfied: jinja2 in /home/furp/micromamba/envs/habitat/lib/python3.9/site-packages (from torch>=1.3.1->habitat-baselines==0.3.3) (3.1.6)
Requirement already satisfied: fsspec in /home/furp/micromamba/envs/habitat/lib/python3.9/site-packages (from torch>=1.3.1->habitat-baselines==0.3.3) (2025.10.0)
Requirement already satisfied: nvidia-cuda-nvrtc-cu12==12.8.93 in /home/furp/micromamba/envs/habitat/lib/python3.9/site-packages (from torch>=1.3.1->habitat-baselines==0.3.3) (12.8.93)
Requirement already satisfied: nvidia-cuda-runtime-cu12==12.8.90 in /home/furp/micromamba/envs/habitat/lib/python3.9/site-packages (from torch>=1.3.1->habitat-baselines==0.3.3) (12.8.90)
Requirement already satisfied: nvidia-cuda-cupti-cu12==12.8.90 in /home/furp/micromamba/envs/habitat/lib/python3.9/site-packages (from torch>=1.3.1->habitat-baselines==0.3.3) (12.8.90)
Requirement already satisfied: nvidia-cudnn-cu12==9.10.2.21 in /home/furp/micromamba/envs/habitat/lib/python3.9/site-packages (from torch>=1.3.1->habitat-baselines==0.3.3) (9.10.2.21)
Requirement already satisfied: nvidia-cublas-cu12==12.8.4.1 in /home/furp/micromamba/envs/habitat/lib/python3.9/site-packages (from torch>=1.3.1->habitat-baselines==0.3.3) (12.8.4.1)
Requirement already satisfied: nvidia-cufft-cu12==11.3.3.83 in /home/furp/micromamba/envs/habitat/lib/python3.9/site-packages (from torch>=1.3.1->habitat-baselines==0.3.3) (11.3.3.83)
Requirement already satisfied: nvidia-curand-cu12==10.3.9.90 in /home/furp/micromamba/envs/habitat/lib/python3.9/site-packages (from torch>=1.3.1->habitat-baselines==0.3.3) (10.3.9.90)
Requirement already satisfied: nvidia-cusolver-cu12==11.7.3.90 in /home/furp/micromamba/envs/habitat/lib/python3.9/site-packages (from torch>=1.3.1->habitat-baselines==0.3.3) (11.7.3.90)
Requirement already satisfied: nvidia-cusparse-cu12==12.5.8.93 in /home/furp/micromamba/envs/habitat/lib/python3.9/site-packages (from torch>=1.3.1->habitat-baselines==0.3.3) (12.5.8.93)
Requirement already satisfied: nvidia-cusparselt-cu12==0.7.1 in /home/furp/micromamba/envs/habitat/lib/python3.9/site-packages (from torch>=1.3.1->habitat-baselines==0.3.3) (0.7.1)
Requirement already satisfied: nvidia-nccl-cu12==2.27.3 in /home/furp/micromamba/envs/habitat/lib/python3.9/site-packages (from torch>=1.3.1->habitat-baselines==0.3.3) (2.27.3)
Requirement already satisfied: nvidia-nvtx-cu12==12.8.90 in /home/furp/micromamba/envs/habitat/lib/python3.9/site-packages (from torch>=1.3.1->habitat-baselines==0.3.3) (12.8.90)
Requirement already satisfied: nvidia-nvjitlink-cu12==12.8.93 in /home/furp/micromamba/envs/habitat/lib/python3.9/site-packages (from torch>=1.3.1->habitat-baselines==0.3.3) (12.8.93)
Requirement already satisfied: nvidia-cufile-cu12==1.13.1.3 in /home/furp/micromamba/envs/habitat/lib/python3.9/site-packages (from torch>=1.3.1->habitat-baselines==0.3.3) (1.13.1.3)
Requirement already satisfied: triton==3.4.0 in /home/furp/micromamba/envs/habitat/lib/python3.9/site-packages (from torch>=1.3.1->habitat-baselines==0.3.3) (3.4.0)
Requirement already satisfied: mpmath<1.4,>=1.1.0 in /home/furp/micromamba/envs/habitat/lib/python3.9/site-packages (from sympy>=1.13.3->torch>=1.3.1->habitat-baselines==0.3.3) (1.3.0)
Requirement already satisfied: markupsafe>=2.1.1 in /home/furp/micromamba/envs/habitat/lib/python3.9/site-packages (from werkzeug>=1.0.1->tensorboard>=2.8.0->habitat-baselines==0.3.3) (3.0.2)
Requirement already satisfied: typer in /home/furp/micromamba/envs/habitat/lib/python3.9/site-packages (from objectio->webdataset==0.1.40->habitat-baselines==0.3.3) (0.23.2)
Requirement already satisfied: click>=8.0.0 in /home/furp/micromamba/envs/habitat/lib/python3.9/site-packages (from typer->objectio->webdataset==0.1.40->habitat-baselines==0.3.3) (8.1.8)
Requirement already satisfied: shellingham>=1.3.0 in /home/furp/micromamba/envs/habitat/lib/python3.9/site-packages (from typer->objectio->webdataset==0.1.40->habitat-baselines==0.3.3) (1.5.4)
Requirement already satisfied: rich>=12.3.0 in /home/furp/micromamba/envs/habitat/lib/python3.9/site-packages (from typer->objectio->webdataset==0.1.40->habitat-baselines==0.3.3) (15.0.0)
Requirement already satisfied: annotated-doc>=0.0.2 in /home/furp/micromamba/envs/habitat/lib/python3.9/site-packages (from typer->objectio->webdataset==0.1.40->habitat-baselines==0.3.3) (0.0.5)
Requirement already satisfied: markdown-it-py>=2.2.0 in /home/furp/micromamba/envs/habitat/lib/python3.9/site-packages (from rich>=12.3.0->typer->objectio->webdataset==0.1.40->habitat-baselines==0.3.3) (3.0.0)
Requirement already satisfied: pygments<3.0.0,>=2.13.0 in /home/furp/micromamba/envs/habitat/lib/python3.9/site-packages (from rich>=12.3.0->typer->objectio->webdataset==0.1.40->habitat-baselines==0.3.3) (2.20.0)
Requirement already satisfied: mdurl~=0.1 in /home/furp/micromamba/envs/habitat/lib/python3.9/site-packages (from markdown-it-py>=2.2.0->rich>=12.3.0->typer->objectio->webdataset==0.1.40->habitat-baselines==0.3.3) (0.1.2)
Building wheels for collected packages: habitat-baselines
  Building editable for habitat-baselines (pyproject.toml): started
  Building editable for habitat-baselines (pyproject.toml): finished with status 'done'
  Created wheel for habitat-baselines: filename=habitat_baselines-0.3.3-0.editable-py3-none-any.whl size=8051 sha256=1c2d33fd81d0b171fbb62badac8d34553f5920bc1c62932c634f59299f40a429
  Stored in directory: /tmp/pip-ephem-wheel-cache-73fimnis/wheels/42/6f/c2/a18c63c9333fdd88eb6735b6a77c2f58469952a9efe51fa63e
Successfully built habitat-baselines
Installing collected packages: habitat-baselines
  Attempting uninstall: habitat-baselines
    Found existing installation: habitat-baselines 0.3.3
    Uninstalling habitat-baselines-0.3.3:
      Successfully uninstalled habitat-baselines-0.3.3
Successfully installed habitat-baselines-0.3.3
No broken requirements found.
Cloning into '/home/furp/habitat-lab/data/versioned_data/habitat_test_scenes'...
git: 'lfs' is not a git command. See 'git --help'.

The most similar command is
	log
Traceback (most recent call last):
  File "/home/furp/micromamba/envs/habitat/lib/python3.9/runpy.py", line 197, in _run_module_as_main
    return _run_code(code, main_globals, None,
  File "/home/furp/micromamba/envs/habitat/lib/python3.9/runpy.py", line 87, in _run_code
    exec(code, run_globals)
  File "/home/furp/micromamba/envs/habitat/lib/python3.9/site-packages/habitat_sim-0.3.3-py3.9-linux-x86_64.egg/habitat_sim/utils/datasets_download.py", line 964, in <module>
    main(sys.argv[1:])
  File "/home/furp/micromamba/envs/habitat/lib/python3.9/site-packages/habitat_sim-0.3.3-py3.9-linux-x86_64.egg/habitat_sim/utils/datasets_download.py", line 953, in main
    download_and_place(
  File "/home/furp/micromamba/envs/habitat/lib/python3.9/site-packages/habitat_sim-0.3.3-py3.9-linux-x86_64.egg/habitat_sim/utils/datasets_download.py", line 788, in download_and_place
    clone_repo_source(uid, version_dir, requires_auth, prune_lfs)
  File "/home/furp/micromamba/envs/habitat/lib/python3.9/site-packages/habitat_sim-0.3.3-py3.9-linux-x86_64.egg/habitat_sim/utils/datasets_download.py", line 612, in clone_repo_source
    subprocess.check_call(shlex.split("git lfs pull"), cwd=version_dir)
  File "/home/furp/micromamba/envs/habitat/lib/python3.9/subprocess.py", line 373, in check_call
    raise CalledProcessError(retcode, cmd)
subprocess.CalledProcessError: Command '['git', 'lfs', 'pull']' returned non-zero exit status 1.
-
WARNING: repo datasource detected and git-lfs is not installed. Download will be limited to lfs link files instead of full assets. 
To address this, abort and clean datasources. Then install git lfs:
With Linux:
 `sudo apt install git-lfs`
 'git lfs install'
-
git clone --depth 1 --branch main https://huggingface.co/datasets/ai-habitat/habitat_test_scenes.git /home/furp/habitat-lab/data/versioned_data/habitat_test_scenes
Bootstrap stopped with partial state preserved. After fixing infrastructure, resume with:
  BOOTSTRAP_RESUME=1 bash src/experiments/closeout_dsr/bootstrap_server.sh
